// Jest Snapshot v1, https://goo.gl/fbAQLP

exports[`CurrentData Renders the CurrentData 1`] = `
Object {
  "current": Object {
    "temp": 289.1,
  },
  "daily": Array [
    Object {
      "dt": 1661158800,
      "humidity": 72,
      "pop": 0,
      "pressure": 1014,
      "rain": 0.32,
      "temp": Object {
        "max": 293.99,
        "min": 290.73,
      },
      "weather": Array [
        Object {
          "icon": "04d",
        },
      ],
      "wind_speed": 3.47,
    },
  ],
}
`;
